2026-01-25 12:30:13,873 - utils.dataset_discovery - INFO - Semantic search expanded 'KAT8' to: ['KAT8 wt Allele', 'KAT8 Gene', 'KANSL1 Gene', 'KAT8', 'Histone Acetyltransferase KAT8']
2026-01-25 12:30:14,448 - utils.dataset_discovery - ERROR - Error querying ENCODE API: 404 Client Error: Not Found for url: https://www.encodeproject.org/search/?type=Experiment&status=released&limit=20&frame=object&searchTerm=KAT8+wt+Allele&replicates.library.biosample.donor.organism.scientific_name=Human
Traceback (most recent call last):
  File "C:\Users\mjhen\Github\Genome\utils\dataset_discovery.py", line 91, in search_datasets
    response.raise_for_status()
    ~~~~~~~~~~~~~~~~~~~~~~~~~^^
  File "C:\Users\mjhen\Github\Genome\.venv\Lib\site-packages\requests\models.py", line 1026, in raise_for_status
    raise HTTPError(http_error_msg, response=self)
requests.exceptions.HTTPError: 404 Client Error: Not Found for url: https://www.encodeproject.org/search/?type=Experiment&status=released&limit=20&frame=object&searchTerm=KAT8+wt+Allele&replicates.library.biosample.donor.organism.scientific_name=Human
2026-01-25 12:30:14,853 - utils.dataset_discovery - ERROR - Error querying ENCODE API: 404 Client Error: Not Found for url: https://www.encodeproject.org/search/?type=Experiment&status=released&limit=20&frame=object&searchTerm=KAT8+Gene&replicates.library.biosample.donor.organism.scientific_name=Human
Traceback (most recent call last):
  File "C:\Users\mjhen\Github\Genome\utils\dataset_discovery.py", line 91, in search_datasets
    response.raise_for_status()
    ~~~~~~~~~~~~~~~~~~~~~~~~~^^
  File "C:\Users\mjhen\Github\Genome\.venv\Lib\site-packages\requests\models.py", line 1026, in raise_for_status
    raise HTTPError(http_error_msg, response=self)
requests.exceptions.HTTPError: 404 Client Error: Not Found for url: https://www.encodeproject.org/search/?type=Experiment&status=released&limit=20&frame=object&searchTerm=KAT8+Gene&replicates.library.biosample.donor.organism.scientific_name=Human
2026-01-25 12:30:15,388 - utils.dataset_discovery - ERROR - Error querying ENCODE API: 404 Client Error: Not Found for url: https://www.encodeproject.org/search/?type=Experiment&status=released&limit=20&frame=object&searchTerm=KANSL1+Gene&replicates.library.biosample.donor.organism.scientific_name=Human
Traceback (most recent call last):
  File "C:\Users\mjhen\Github\Genome\utils\dataset_discovery.py", line 91, in search_datasets
    response.raise_for_status()
    ~~~~~~~~~~~~~~~~~~~~~~~~~^^
  File "C:\Users\mjhen\Github\Genome\.venv\Lib\site-packages\requests\models.py", line 1026, in raise_for_status
    raise HTTPError(http_error_msg, response=self)
requests.exceptions.HTTPError: 404 Client Error: Not Found for url: https://www.encodeproject.org/search/?type=Experiment&status=released&limit=20&frame=object&searchTerm=KANSL1+Gene&replicates.library.biosample.donor.organism.scientific_name=Human
2026-01-25 12:30:15,779 - utils.dataset_discovery - ERROR - Error querying ENCODE API: 404 Client Error: Not Found for url: https://www.encodeproject.org/search/?type=Experiment&status=released&limit=20&frame=object&searchTerm=KAT8&replicates.library.biosample.donor.organism.scientific_name=Human
Traceback (most recent call last):
  File "C:\Users\mjhen\Github\Genome\utils\dataset_discovery.py", line 91, in search_datasets
    response.raise_for_status()
    ~~~~~~~~~~~~~~~~~~~~~~~~~^^
  File "C:\Users\mjhen\Github\Genome\.venv\Lib\site-packages\requests\models.py", line 1026, in raise_for_status
    raise HTTPError(http_error_msg, response=self)
requests.exceptions.HTTPError: 404 Client Error: Not Found for url: https://www.encodeproject.org/search/?type=Experiment&status=released&limit=20&frame=object&searchTerm=KAT8&replicates.library.biosample.donor.organism.scientific_name=Human
2026-01-25 12:30:16,266 - utils.dataset_discovery - ERROR - Error querying ENCODE API: 404 Client Error: Not Found for url: https://www.encodeproject.org/search/?type=Experiment&status=released&limit=20&frame=object&searchTerm=Histone+Acetyltransferase+KAT8&replicates.library.biosample.donor.organism.scientific_name=Human
Traceback (most recent call last):
  File "C:\Users\mjhen\Github\Genome\utils\dataset_discovery.py", line 91, in search_datasets
    response.raise_for_status()
    ~~~~~~~~~~~~~~~~~~~~~~~~~^^
  File "C:\Users\mjhen\Github\Genome\.venv\Lib\site-packages\requests\models.py", line 1026, in raise_for_status
    raise HTTPError(http_error_msg, response=self)
requests.exceptions.HTTPError: 404 Client Error: Not Found for url: https://www.encodeproject.org/search/?type=Experiment&status=released&limit=20&frame=object&searchTerm=Histone+Acetyltransferase+KAT8&replicates.library.biosample.donor.organism.scientific_name=Human
2026-01-25 14:58:55,282 - utils.dataset_discovery - INFO - Semantic search expanded 'ENCSR086FZL' to: ['ENCSR086FZL']
2026-01-25 14:58:56,100 - utils.dataset_discovery - ERROR - Error querying ENCODE API: 404 Client Error: Not Found for url: https://www.encodeproject.org/search/?type=Experiment&status=released&limit=20&frame=object&searchTerm=ENCSR086FZL&replicates.library.biosample.donor.organism.scientific_name=Human
Traceback (most recent call last):
  File "C:\Users\mjhen\Github\Genome\utils\dataset_discovery.py", line 91, in search_datasets
    response.raise_for_status()
    ~~~~~~~~~~~~~~~~~~~~~~~~~^^
  File "C:\Users\mjhen\Github\Genome\.venv\Lib\site-packages\requests\models.py", line 1026, in raise_for_status
    raise HTTPError(http_error_msg, response=self)
requests.exceptions.HTTPError: 404 Client Error: Not Found for url: https://www.encodeproject.org/search/?type=Experiment&status=released&limit=20&frame=object&searchTerm=ENCSR086FZL&replicates.library.biosample.donor.organism.scientific_name=Human
